[29Sep2026 16:29:35.524] [main/INFO] [net.neoforged.fml.startup.Entrypoint/]: JVM Uptime at startup: 132ms
[29Sep2026 16:29:35.541] [main/INFO] [net.neoforged.fml.loading.FMLLoader/]: Starting FancyModLoader version 11.0.15 (CLIENT in DEV)
[29Sep2026 16:29:35.541] [main/INFO] [net.neoforged.fml.loading.FMLLoader/]: Game directory: C:\Users\zacha\OneDrive\Desktop\TGGLE\run
[29Sep2026 16:29:35.604] [main/INFO] [net.neoforged.fml.loading.EarlyServiceDiscovery/]: Found 2 early service jars (out of 107) in 21ms
[29Sep2026 16:29:35.605] [main/INFO] [net.neoforged.fml.loading.FMLLoader/]: Loading FML Early Services:
[29Sep2026 16:29:35.606] [main/INFO] [net.neoforged.fml.loading.FMLLoader/]:  - C:/Users/zacha/.gradle/caches/modules-2/files-2.1/net.neoforged.fancymodloader/earlydisplay/11.0.15/b254aa4ec40828f8ce65411dcb7fb9f6ce008064/earlydisplay-11.0.15.jar
[29Sep2026 16:29:35.607] [main/INFO] [net.neoforged.fml.loading.FMLLoader/]:  - C:/Users/zacha/.gradle/caches/modules-2/files-2.1/net.neoforged.fancymodloader/loader/11.0.15/69ddd98736a6b095783523404d1af8992842722/loader-11.0.15.jar
[29Sep2026 16:29:35.614] [main/INFO] [net.neoforged.fml.loading.ImmediateWindowHandler/]: Not loading early display in headless mode.
[29Sep2026 16:29:35.648] [main/INFO] [net.neoforged.fml.loading.moddiscovery.locators.GameLocator/]: Detected a joined NeoForge and Minecraft configuration. Applying filtering...
[29Sep2026 16:29:35.730] [main/INFO] [net.neoforged.fml.loading.moddiscovery.locators.InDevFolderLocator/CORE]: Got mod coordinates thegladgamerladexperience%%C:\Users\zacha\OneDrive\Desktop\TGGLE\build\classes\java\main;thegladgamerladexperience%%C:\Users\zacha\OneDrive\Desktop\TGGLE\build\resources\main from env
[29Sep2026 16:29:35.865] [main/INFO] [net.neoforged.fml.loading.moddiscovery.locators.JarInJarDependencyLocator/]: Found 2 dependencies adding them to mods collection
[29Sep2026 16:29:35.867] [main/INFO] [net.neoforged.fml.loading.moddiscovery.ModDiscoverer/]: 
     Mod List:
		Name Version (Mod Id)

		Minecraft 26.1.2 (minecraft)
		NeoForge 26.1.2.111 (neoforge)
		The GladGamerLad Experience 1.1.2s (thegladgamerladexperience)
[29Sep2026 16:29:36.023] [main/INFO] [mixin/]: SpongePowered MIXIN Subsystem Version=0.8.7 Source=file:/C:/Users/zacha/.gradle/caches/modules-2/files-2.1/net.fabricmc/sponge-mixin/0.17.3+mixin.0.8.7/41c4a3984a80f4679e759fb9f495587acc5cdac7/sponge-mixin-0.17.3+mixin.0.8.7.jar Service=FML Env=CLIENT
[29Sep2026 16:29:36.043] [main/INFO] [net.neoforged.fml.loading.FMLLoader/]: Loading FML Plugins:
[29Sep2026 16:29:36.044] [main/INFO] [net.neoforged.fml.loading.FMLLoader/]:  - C:/Users/zacha/.gradle/caches/modules-2/files-2.1/net.neoforged/neoforge/26.1.2.111/2966b2790d94e7535e785328707cd1bc666828ee/neoforge-26.1.2.111-universal.jar > net.neoforged.neoforge-coremods-26.1.2.111.jar
[29Sep2026 16:29:36.102] [main/INFO] [net.neoforged.fml.loading.FMLLoader/]: Building game content classloader:
 - minecraft (composite(filtered(jar(C:/Users/zacha/OneDrive/Desktop/TGGLE/build/moddev/artifacts/minecraft-patched-26.1.2.111.jar)), filtered(jar(C:/Users/zacha/OneDrive/Desktop/TGGLE/build/moddev/artifacts/minecraft-patched-26.1.2.111.jar))))
 - mixinextras.neoforge (jar(C:/Users/zacha/.gradle/caches/modules-2/files-2.1/net.neoforged/neoforge/26.1.2.111/2966b2790d94e7535e785328707cd1bc666828ee/neoforge-26.1.2.111-universal.jar > mixinextras-neoforge-0.5.4.jar))
 - neoforge (composite(filtered(jar(C:/Users/zacha/.gradle/caches/modules-2/files-2.1/net.neoforged/neoforge/26.1.2.111/2966b2790d94e7535e785328707cd1bc666828ee/neoforge-26.1.2.111-universal.jar))))
 - net.neoforged.fml.generated (empty(VirtualJar/net.neoforged.fml.generated))
 - thegladgamerladexperience (composite(folder(C:/Users/zacha/OneDrive/Desktop/TGGLE/build/classes/java/main), folder(C:/Users/zacha/OneDrive/Desktop/TGGLE/build/resources/main)))
[29Sep2026 16:29:36.111] [main/INFO] [net.neoforged.fml.loading.FMLLoader/]: Built game content classloader in 15ms
[29Sep2026 16:29:36.388] [main/INFO] [MixinExtras|Service/]: Initializing MixinExtras via com.llamalad7.mixinextras.service.MixinExtrasServiceImpl(version=0.5.4).
[29Sep2026 16:29:39.627] [main/INFO] [net.neoforged.neoforge.data.loading.DatagenModLoader/]: Initializing Data Gatherer for mods [thegladgamerladexperience]
[29Sep2026 16:29:39.656] [modloading-worker-0/INFO] [net.neoforged.neoforge.common.NeoForgeMod/NEOFORGE-MOD]: NeoForge mod loading, version 26.1.2.111, for MC 26.1.2
[29Sep2026 16:29:40.191] [main/INFO] [net.minecraft.data.DataGenerator/]: Starting provider: Model Definitions - thegladgamerladexperience
[29Sep2026 16:29:40.244] [main/INFO] [net.minecraft.data.DataGenerator/]: Model Definitions - thegladgamerladexperience finished after 53 ms
[29Sep2026 16:29:40.244] [main/INFO] [net.minecraft.data.DataGenerator/]: Starting provider: Tags for minecraft:block mod id thegladgamerladexperience
[29Sep2026 16:29:40.251] [main/INFO] [net.minecraft.data.DataGenerator/]: Tags for minecraft:block mod id thegladgamerladexperience finished after 6 ms
[29Sep2026 16:29:40.251] [main/INFO] [net.minecraft.data.DataGenerator/]: Starting provider: Loot Tables
[29Sep2026 16:29:40.266] [main/INFO] [net.minecraft.data.DataGenerator/]: Loot Tables finished after 14 ms
[29Sep2026 16:29:40.267] [main/INFO] [net.minecraft.data.DataGenerator/]: Starting provider: The GladGamerLad Experience Recipes
[29Sep2026 16:29:40.292] [main/INFO] [net.minecraft.data.DataGenerator/]: The GladGamerLad Experience Recipes finished after 25 ms
[29Sep2026 16:29:40.292] [main/INFO] [net.minecraft.data.DataGenerator/]: All providers took: 101 ms
[29Sep2026 16:29:40.300] [main/INFO] [net.minecraft.data.HashCache/]: Caching: total files: 54, old count: 39, new count: 54, removed stale: 0, written: 16
[29Sep2026 16:29:40.300] [main/INFO] [net.neoforged.fml.loading.FMLLoader/]: Closing FML Loader 5a7f50bd
[29Sep2026 16:29:40.301] [main/INFO] [net.neoforged.fml.ModLoader/]: Clearing ModLoader
